[    0.000000] Linux version 4.15.0-212-generic (buildd@lcy02-amd64-083) (gcc version 7.5.0 (Ubuntu 7.5.0-3ubuntu1~18.04)) #223-Ubuntu SMP Tue May 23 13:09:22 UTC 2023 (Ubuntu 4.15.0-212.223-generic 4.15.18)
[    0.000000] Command line: BOOT_IMAGE=/boot/vmlinuz-4.15.0-212-generic root=LABEL=cloudimg-rootfs ro console=tty1 console=ttyS0
[    0.000000] KERNEL supported cpus:
[    0.000000]   Intel GenuineIntel
[    0.000000]   AMD AuthenticAMD
[    0.000000]   Centaur CentaurHauls
[    0.000000] x86/fpu: Supporting XSAVE feature 0x001: 'x87 floating point registers'
[    0.000000] x86/fpu: Supporting XSAVE feature 0x002: 'SSE registers'
[    0.000000] x86/fpu: Supporting XSAVE feature 0x004: 'AVX registers'
[    0.000000] x86/fpu: xstate_offset[2]:  576, xstate_sizes[2]:  256
[    0.000000] x86/fpu: Enabled xstate features 0x7, context size is 832 bytes, using 'standard' format.
[    0.000000] e820: BIOS-provided physical RAM map:
[    0.000000] BIOS-e820: [mem 0x0000000000000000-0x000000000009fbff] usable
[    0.000000] BIOS-e820: [mem 0x000000000009fc00-0x000000000009ffff] reserved
[    0.000000] BIOS-e820: [mem 0x00000000000f0000-0x00000000000fffff] reserved
[    0.000000] BIOS-e820: [mem 0x0000000000100000-0x000000003ffeffff] usable
[    0.000000] BIOS-e820: [mem 0x000000003fff0000-0x000000003fffffff] ACPI data
[    0.000000] BIOS-e820: [mem 0x00000000fec00000-0x00000000fec00fff] reserved
[    0.000000] BIOS-e820: [mem 0x00000000fee00000-0x00000000fee00fff] reserved
[    0.000000] BIOS-e820: [mem 0x00000000fffc0000-0x00000000ffffffff] reserved
[    0.000000] NX (Execute Disable) protection: active
[    0.000000] SMBIOS 2.5 present.
[    0.000000] DMI: innotek GmbH VirtualBox/VirtualBox, BIOS VirtualBox 12/01/2006
[    0.000000] Hypervisor detected: KVM
[    0.000000] e820: last_pfn = 0x3fff0 max_arch_pfn = 0x400000000
[    0.000000] MTRR: Disabled
[    0.000000] x86/PAT: MTRRs disabled, skipping PAT initialization too.
[    0.000000] CPU MTRRs all blank - virtualized system.
[    0.000000] x86/PAT: Configuration [0-7]: WB  WT  UC- UC  WB  WT  UC- UC  
[    0.000000] found SMP MP-table at [mem 0x0009fff0-0x0009ffff]
[    0.000000] Scanning 1 areas for low memory corruption
[    0.000000] RAMDISK: [mem 0x359cb000-0x36cdcfff]
[    0.000000] ACPI: Early table checksum verification disabled
[    0.000000] ACPI: RSDP 0x00000000000E0000 000024 (v02 VBOX  )
[    0.000000] ACPI: XSDT 0x000000003FFF0030 00003C (v01 VBOX   VBOXXSDT 00000001 ASL  00000061)
[    0.000000] ACPI: FACP 0x000000003FFF00F0 0000F4 (v04 VBOX   VBOXFACP 00000001 ASL  00000061)
[    0.000000] ACPI: DSDT 0x000000003FFF0610 002353 (v02 VBOX   VBOXBIOS 00000002 INTL 20210930)
[    0.000000] ACPI: FACS 0x000000003FFF0200 000040
[    0.000000] ACPI: FACS 0x000000003FFF0200 000040
[    0.000000] ACPI: APIC 0x000000003FFF0240 00005C (v02 VBOX   VBOXAPIC 00000001 ASL  00000061)
[    0.000000] ACPI: SSDT 0x000000003FFF02A0 00036C (v01 VBOX   VBOXCPUT 00000002 INTL 20210930)
[    0.000000] ACPI: Reserving FACP table memory at [mem 0x3fff00f0-0x3fff01e3]
[    0.000000] ACPI: Reserving DSDT table memory at [mem 0x3fff0610-0x3fff2962]
[    0.000000] ACPI: Reserving FACS table memory at [mem 0x3fff0200-0x3fff023f]
[    0.000000] ACPI: Reserving FACS table memory at [mem 0x3fff0200-0x3fff023f]
[    0.000000] ACPI: Reserving APIC table memory at [mem 0x3fff0240-0x3fff029b]
[    0.000000] ACPI: Reserving SSDT table memory at [mem 0x3fff02a0-0x3fff060b]
[    0.000000] No NUMA configuration found
[    0.000000] Faking a node at [mem 0x0000000000000000-0x000000003ffeffff]
[    0.000000] NODE_DATA(0) allocated [mem 0x3ffc5000-0x3ffeffff]
[    0.000000] kvm-clock: cpu 0, msr 0:3ff44001, primary cpu clock
[    0.000000] kvm-clock: Using msrs 4b564d01 and 4b564d00
[    0.000000] kvm-clock: using sched offset of 4192813634 cycles
[    0.000000] clocksource: kvm-clock: mask: 0xffffffffffffffff max_cycles: 0x1cd42e4dffb, max_idle_ns: 881590591483 ns
[    0.000000] Zone ranges:
[    0.000000]   DMA      [mem 0x0000000000001000-0x0000000000ffffff]
[    0.000000]   DMA32    [mem 0x0000000001000000-0x000000003ffeffff]
[    0.000000]   Normal   empty
[    0.000000]   Device   empty
[    0.000000] Movable zone start for each node
[    0.000000] Early memory node ranges
[    0.000000]   node   0: [mem 0x0000000000001000-0x000000000009efff]
[    0.000000]   node   0: [mem 0x0000000000100000-0x000000003ffeffff]
[    0.000000] Reserved but unavailable: 104 pages
[    0.000000] Initmem setup node 0 [mem 0x0000000000001000-0x000000003ffeffff]
[    0.000000] ACPI: PM-Timer IO Port: 0x4008
[    0.000000] IOAPIC[0]: apic_id 2, version 32, address 0xfec00000, GSI 0-23
[    0.000000] ACPI: INT_SRC_OVR (bus 0 bus_irq 0 global_irq 2 dfl dfl)
[    0.000000] ACPI: INT_SRC_OVR (bus 0 bus_irq 9 global_irq 9 low level)
[    0.000000] Using ACPI (MADT) for SMP configuration information
[    0.000000] smpboot: Allowing 2 CPUs, 0 hotplug CPUs
[    0.000000] PM: Registered nosave memory: [mem 0x00000000-0x00000fff]
[    0.000000] PM: Registered nosave memory: [mem 0x0009f000-0x0009ffff]
[    0.000000] PM: Registered nosave memory: [mem 0x000a0000-0x000effff]
[    0.000000] PM: Registered nosave memory: [mem 0x000f0000-0x000fffff]
[    0.000000] e820: [mem 0x40000000-0xfebfffff] available for PCI devices
[    0.000000] Booting paravirtualized kernel on KVM
[    0.000000] clocksource: refined-jiffies: mask: 0xffffffff max_cycles: 0xffffffff, max_idle_ns: 7645519600211568 ns
[    0.000000] setup_percpu: NR_CPUS:8192 nr_cpumask_bits:2 nr_cpu_ids:2 nr_node_ids:1
[    0.000000] percpu: Embedded 50 pages/cpu s167936 r8192 d28672 u1048576
[    0.000000] PV qspinlock hash table entries: 256 (order: 0, 4096 bytes)
[    0.000000] Built 1 zonelists, mobility grouping on.  Total pages: 257913
[    0.000000] Policy zone: DMA32
[    0.000000] Kernel command line: BOOT_IMAGE=/boot/vmlinuz-4.15.0-212-generic root=LABEL=cloudimg-rootfs ro console=tty1 console=ttyS0
[    0.000000] Memory: 982644K/1048120K available (12300K kernel code, 2477K rwdata, 4324K rodata, 2480K init, 2720K bss, 65476K reserved, 0K cma-reserved)
[    0.000000] SLUB: HWalign=64, Order=0-3, MinObjects=0, CPUs=2, Nodes=1
[    0.000000] Kernel/User page tables isolation: enabled
[    0.000000] ftrace: allocating 39508 entries in 155 pages
[    0.004000] Hierarchical RCU implementation.
[    0.004000] 	RCU restricting CPUs from NR_CPUS=8192 to nr_cpu_ids=2.
[    0.004000] 	Tasks RCU enabled.
[    0.004000] RCU: Adjusting geometry for rcu_fanout_leaf=16, nr_cpu_ids=2
[    0.004000] NR_IRQS: 524544, nr_irqs: 440, preallocated irqs: 16
[    0.004000] random: crng init done
[    0.004000] Console: colour VGA+ 80x25
[    0.004000] console [tty1] enabled
[    0.004000] console [ttyS0] enabled
[    0.004000] ACPI: Core revision 20170831
[    0.004000] ACPI: 2 ACPI AML tables successfully acquired and loaded
[    0.004000] APIC: Switch to symmetric I/O mode setup
[    0.006210] x2apic enabled
[    0.008052] Switched APIC routing to physical x2apic.
[    0.016000] ..TIMER: vector=0x30 apic1=0 pin1=2 apic2=-1 pin2=-1
[    0.016006] tsc: Detected 1811.838 MHz processor
[    0.020013] Calibrating delay loop (skipped) preset value.. 3623.67 BogoMIPS (lpj=7247352)
[    0.024005] pid_max: default: 32768 minimum: 301
[    0.028072] Security Framework initialized
[    0.031580] Yama: becoming mindful.
[    0.032057] AppArmor: AppArmor initialized
[    0.038157] Dentry cache hash table entries: 131072 (order: 8, 1048576 bytes)
[    0.041304] Inode-cache hash table entries: 65536 (order: 7, 524288 bytes)
[    0.044059] Mount-cache hash table entries: 2048 (order: 2, 16384 bytes)
[    0.048039] Mountpoint-cache hash table entries: 2048 (order: 2, 16384 bytes)
[    0.053628] Last level iTLB entries: 4KB 64, 2MB 8, 4MB 8
[    0.056004] Last level dTLB entries: 4KB 64, 2MB 0, 4MB 0, 1GB 4
[    0.060004] Spectre V1 : Mitigation: usercopy/swapgs barriers and __user pointer sanitization
[    0.064008] Spectre V2 : Mitigation: Retpolines
[    0.068003] Spectre V2 : Spectre v2 / SpectreRSB mitigation: Filling RSB on context switch
[    0.072003] Spectre V2 : Spectre v2 / SpectreRSB : Filling RSB on VMEXIT
[    0.076005] Speculative Store Bypass: Vulnerable
[    0.080053] MDS: Mitigation: Clear CPU buffers
[    0.083456] MMIO Stale Data: Unknown: No mitigations
[    0.084006] SRBDS: Unknown: Dependent on hypervisor status
[    0.088180] Freeing SMP alternatives memory: 36K
[    0.210937] APIC calibration not consistent with PM-Timer: 102ms instead of 100ms
[    0.212000] APIC delta adjusted to PM-Timer: 6270785 (6411704)
[    0.212338] smpboot: CPU0: Intel(R) Core(TM) i5-5350U CPU @ 1.80GHz (family: 0x6, model: 0x3d, stepping: 0x4)
[    0.216318] Performance Events: unsupported p6 CPU model 61 no PMU driver, software events only.
[    0.220161] Hierarchical SRCU implementation.
[    0.224791] NMI watchdog: Perf event create on CPU 0 failed with -2
[    0.228007] NMI watchdog: Perf NMI watchdog permanently disabled
[    0.232338] smp: Bringing up secondary CPUs ...
[    0.236587] x86: Booting SMP configuration:
[    0.240004] .... node  #0, CPUs:      #1
[    0.004000] kvm-clock: cpu 1, msr 0:3ff44041, secondary cpu clock
[    0.244094] smp: Brought up 1 node, 2 CPUs
[    0.248009] smpboot: Max logical packages: 1
[    0.252006] smpboot: Total of 2 processors activated (7247.35 BogoMIPS)
[    0.256327] devtmpfs: initialized
[    0.260111] x86/mm: Memory block size: 128MB
[    0.264260] evm: security.selinux
[    0.266951] evm: security.SMACK64
[    0.268004] evm: security.SMACK64EXEC
[    0.270889] evm: security.SMACK64TRANSMUTE
[    0.272006] evm: security.SMACK64MMAP
[    0.276003] evm: security.apparmor
[    0.280003] evm: security.ima
[    0.282403] evm: security.capability
[    0.284229] clocksource: jiffies: mask: 0xffffffff max_cycles: 0xffffffff, max_idle_ns: 7645041785100000 ns
[    0.288122] futex hash table entries: 512 (order: 3, 32768 bytes)
[    0.292152] pinctrl core: initialized pinctrl subsystem
[    0.300005] RTC time: 17:29:25, date: 10/26/23
[    0.304717] NET: Registered protocol family 16
[    0.308122] audit: initializing netlink subsys (disabled)
[    0.312105] audit: type=2000 audit(1698341370.182:1): state=initialized audit_enabled=0 res=1
[    0.316014] cpuidle: using governor ladder
[    0.319146] cpuidle: using governor menu
[    0.320082] ACPI: bus type PCI registered
[    0.324005] acpiphp: ACPI Hot Plug PCI Controller Driver version: 0.5
[    0.328451] PCI: Using configuration type 1 for base access
[    0.336168] HugeTLB registered 2.00 MiB page size, pre-allocated 0 pages
[    0.344210] ACPI: Added _OSI(Module Device)
[    0.348012] ACPI: Added _OSI(Processor Device)
[    0.352005] ACPI: Added _OSI(3.0 _SCP Extensions)
[    0.356004] ACPI: Added _OSI(Processor Aggregator Device)
[    0.360006] ACPI: Added _OSI(Linux-Dell-Video)
[    0.363406] ACPI: Added _OSI(Linux-Lenovo-NV-HDMI-Audio)
[    0.364004] ACPI: Added _OSI(Linux-HPI-Hybrid-Graphics)
[    0.368843] ACPI: Executed 1 blocks of module-level executable AML code
[    0.379820] ACPI: Interpreter enabled
[    0.380020] ACPI: (supports S0 S5)
[    0.384005] ACPI: Using IOAPIC for interrupt routing
[    0.388545] PCI: Using host bridge windows from ACPI; if necessary, use "pci=nocrs" and report a bug
[    0.396299] ACPI: Enabled 2 GPEs in block 00 to 07
[    0.412839] ACPI: PCI Root Bridge [PCI0] (domain 0000 [bus 00-ff])
[    0.416009] acpi PNP0A03:00: _OSC: OS supports [ASPM ClockPM Segments MSI]
[    0.421670] acpi PNP0A03:00: _OSC: not requesting OS control; OS requires [ExtendedConfig ASPM ClockPM MSI]
[    0.424027] acpi PNP0A03:00: fail to add MMCONFIG information, can't access extended PCI configuration space under this bridge.
[    0.428902] PCI host bridge to bus 0000:00
[    0.432006] pci_bus 0000:00: root bus resource [io  0x0000-0x0cf7 window]
[    0.440016] pci_bus 0000:00: root bus resource [io  0x0d00-0xffff window]
[    0.444015] pci_bus 0000:00: root bus resource [mem 0x000a0000-0x000bffff window]
[    0.448005] pci_bus 0000:00: root bus resource [mem 0x40000000-0xfdffffff window]
[    0.452007] pci_bus 0000:00: root bus resource [bus 00-ff]
[    0.463964] pci 0000:00:01.1: legacy IDE quirk: reg 0x10: [io  0x01f0-0x01f7]
[    0.464005] pci 0000:00:01.1: legacy IDE quirk: reg 0x14: [io  0x03f6]
[    0.468007] pci 0000:00:01.1: legacy IDE quirk: reg 0x18: [io  0x0170-0x0177]
[    0.472006] pci 0000:00:01.1: legacy IDE quirk: reg 0x1c: [io  0x0376]
[    0.555596] pci 0000:00:07.0: quirk: [io  0x4000-0x403f] claimed by PIIX4 ACPI
[    0.556048] pci 0000:00:07.0: quirk: [io  0x4100-0x410f] claimed by PIIX4 SMB
[    0.583332] ACPI: PCI Interrupt Link [LNKA] (IRQs 5 9 10 *11)
[    0.588204] ACPI: PCI Interrupt Link [LNKB] (IRQs 5 9 *10 11)
[    0.592255] ACPI: PCI Interrupt Link [LNKC] (IRQs 5 *9 10 11)
[    0.596268] ACPI: PCI Interrupt Link [LNKD] (IRQs 5 9 10 *11)
[    0.604353] SCSI subsystem initialized
[    0.608118] pci 0000:00:02.0: vgaarb: setting as boot VGA device
[    0.612000] pci 0000:00:02.0: vgaarb: VGA device added: decodes=io+mem,owns=io+mem,locks=none
[    0.612018] pci 0000:00:02.0: vgaarb: bridge control possible
[    0.616006] vgaarb: loaded
[    0.618297] ACPI: bus type USB registered
[    0.620030] usbcore: registered new interface driver usbfs
[    0.624029] usbcore: registered new interface driver hub
[    0.628036] usbcore: registered new device driver usb
[    0.632057] EDAC MC: Ver: 3.0.0
[    0.636208] PCI: Using ACPI for IRQ routing
[    0.640852] NetLabel: Initializing
[    0.644004] NetLabel:  domain hash size = 128
[    0.647840] NetLabel:  protocols = UNLABELED CIPSOv4 CALIPSO
[    0.648030] NetLabel:  unlabeled traffic allowed by default
[    0.656178] clocksource: Switched to clocksource kvm-clock
[    0.687951] VFS: Disk quotas dquot_6.6.0
[    0.691809] VFS: Dquot-cache hash table entries: 512 (order 0, 4096 bytes)
[    0.697448] AppArmor: AppArmor Filesystem Enabled
[    0.701120] pnp: PnP ACPI init
[    0.706098] pnp: PnP ACPI: found 3 devices
[    0.731962] clocksource: acpi_pm: mask: 0xffffff max_cycles: 0xffffff, max_idle_ns: 2085701024 ns
[    0.738836] NET: Registered protocol family 2
[    0.742876] IP idents hash table entries: 16384 (order: 5, 131072 bytes)
[    0.748441] TCP established hash table entries: 8192 (order: 4, 65536 bytes)
[    0.753939] TCP bind hash table entries: 8192 (order: 5, 131072 bytes)
[    0.759692] TCP: Hash tables configured (established 8192 bind 8192)
[    0.764786] UDP hash table entries: 512 (order: 2, 16384 bytes)
[    0.769259] UDP-Lite hash table entries: 512 (order: 2, 16384 bytes)
[    0.774595] NET: Registered protocol family 1
[    0.778036] pci 0000:00:00.0: Limiting direct PCI/PCI transfers
[    0.782508] pci 0000:00:01.0: Activating ISA DMA hang workarounds
[    0.787227] pci 0000:00:02.0: Video device with shadowed ROM at [mem 0x000c0000-0x000dffff]
[    0.793934] Unpacking initramfs...
[    1.287677] Freeing initrd memory: 19528K
[    1.292350] clocksource: tsc: mask: 0xffffffffffffffff max_cycles: 0x1a1dd88788b, max_idle_ns: 440795247421 ns
[    1.301677] platform rtc_cmos: registered platform RTC device (no PNP device found)
[    1.308199] Scanning for low memory corruption every 60 seconds
[    1.313928] Initialise system trusted keyrings
[    1.318150] Key type blacklist registered
[    1.321622] workingset: timestamp_bits=36 max_order=18 bucket_order=0
[    1.328583] zbud: loaded
[    1.331694] squashfs: version 4.0 (2009/01/31) Phillip Lougher
[    1.337838] fuse init (API version 7.26)
[    1.354921] Key type asymmetric registered
[    1.358424] Asymmetric key parser 'x509' registered
[    1.362249] Block layer SCSI generic (bsg) driver version 0.4 loaded (major 246)
[    1.368393] io scheduler noop registered
[    1.371409] io scheduler deadline registered
[    1.374997] io scheduler cfq registered (default)
[    1.379516] ACPI: AC Adapter [AC] (off-line)
[    1.383301] input: Power Button as /devices/LNXSYSTM:00/LNXPWRBN:00/input/input0
[    1.389318] ACPI: Power Button [PWRF]
[    1.392343] input: Sleep Button as /devices/LNXSYSTM:00/LNXSLPBN:00/input/input1
[    1.400270] ACPI: Sleep Button [SLPF]
[    1.408353] ACPI: Battery Slot [BAT0] (battery present)
[    1.412663] Serial: 8250/16550 driver, 32 ports, IRQ sharing enabled
[    1.446449] 00:02: ttyS0 at I/O 0x3f8 (irq = 4, base_baud = 115200) is a 16550A
[    1.449587] Linux agpgart interface v0.103
[    1.463804] loop: module loaded
[    1.468638] scsi host0: ata_piix
[    1.472176] scsi host1: ata_piix
[    1.475073] ata1: PATA max UDMA/33 cmd 0x1f0 ctl 0x3f6 bmdma 0xd000 irq 14
[    1.480443] ata2: PATA max UDMA/33 cmd 0x170 ctl 0x376 bmdma 0xd008 irq 15
[    1.486936] tun: Universal TUN/TAP device driver, 1.6
[    1.491559] PPP generic driver version 2.4.2
[    1.495806] ehci_hcd: USB 2.0 'Enhanced' Host Controller (EHCI) Driver
[    1.501412] ehci-pci: EHCI PCI platform driver
[    1.505052] ehci-platform: EHCI generic platform driver
[    1.509836] ohci_hcd: USB 1.1 'Open' Host Controller (OHCI) Driver
[    1.513796] ohci-pci: OHCI PCI platform driver
[    1.519504] ohci-platform: OHCI generic platform driver
[    1.524836] uhci_hcd: USB Universal Host Controller Interface driver
[    1.530387] i8042: PNP: PS/2 Controller [PNP0303:PS2K,PNP0f03:PS2M] at 0x60,0x64 irq 1,12
[    1.539842] serio: i8042 KBD port at 0x60,0x64 irq 1
[    1.542454] serio: i8042 AUX port at 0x60,0x64 irq 12
[    1.548633] mousedev: PS/2 mouse device common for all mice
[    1.555176] input: AT Translated Set 2 keyboard as /devices/platform/i8042/serio0/input/input2
[    1.559866] rtc_cmos rtc_cmos: rtc core: registered rtc_cmos as rtc0
[    1.569734] rtc_cmos rtc_cmos: alarms up to one day, 114 bytes nvram
[    1.574849] i2c /dev entries driver
[    1.577752] device-mapper: uevent: version 1.0.3
[    1.581664] device-mapper: ioctl: 4.37.0-ioctl (2017-09-20) initialised: dm-devel@redhat.com
[    1.588633] ledtrig-cpu: registered to indicate activity on CPUs
[    1.594606] NET: Registered protocol family 10
[    1.606951] Segment Routing with IPv6
[    1.610378] NET: Registered protocol family 17
[    1.614221] Key type dns_resolver registered
[    1.618578] mce: Using 0 MCE banks
[    1.621648] RAS: Correctable Errors collector initialized.
[    1.625884] sched_clock: Marking stable (1625839671, 0)->(2335581382, -709741711)
[    1.633741] registered taskstats version 1
[    1.636973] Loading compiled-in X.509 certificates
[    1.674690] Loaded X.509 cert 'Build time autogenerated kernel key: b5b26778eaa3ab3a4a6cee031137706e947d12ad'
[    1.684420] Loaded X.509 cert 'Canonical Ltd. Live Patch Signing: 14df34d1a87cf37625abec039ef2bf521249b969'
[    1.694537] Loaded X.509 cert 'Canonical Ltd. Kernel Module Signing: 88f752e560a1e0737e31163a466ad7b70a850c19'
[    1.703425] blacklist: Loading compiled-in revocation X.509 certificates
[    1.709780] Loaded X.509 cert 'Canonical Ltd. Secure Boot Signing: 61482aa2830d0ab2ad5af10b7250da9033ddcef0'
[    1.717628] Loaded X.509 cert 'Canonical Ltd. Secure Boot Signing (2017): 242ade75ac4a15e50d50c84b0d45ff3eae707a03'
[    1.725275] Loaded X.509 cert 'Canonical Ltd. Secure Boot Signing (ESM 2018): 365188c1d374d6b07c3c8f240f8ef722433d6a8b'
[    1.733839] Loaded X.509 cert 'Canonical Ltd. Secure Boot Signing (2019): c0746fd6c5da3ae827864651ad66ae47fe24b3e8'
[    1.741954] Loaded X.509 cert 'Canonical Ltd. Secure Boot Signing (2021 v1): a8d54bbb3825cfb94fa13c9f8a594a195c107b8d'
[    1.751188] Loaded X.509 cert 'Canonical Ltd. Secure Boot Signing (2021 v2): 4cf046892d6fd3c9a5b03f98d845f90851dc6a8c'
[    1.759251] Loaded X.509 cert 'Canonical Ltd. Secure Boot Signing (2021 v3): 100437bb6de6e469b581e61cd66bce3ef4ed53af'
[    1.767764] Loaded X.509 cert 'Canonical Ltd. Secure Boot Signing (Ubuntu Core 2019): c1d57b8f6b743f23ee41f4f7ee292f06eecadfb9'
[    1.776149] zswap: loaded using pool lzo/zbud
[    1.787854] Key type big_key registered
[    1.791210] Key type trusted registered
[    1.799360] Key type encrypted registered
[    1.812667] AppArmor: AppArmor sha1 policy hashing enabled
[    1.819872] ima: No TPM chip found, activating TPM-bypass! (rc=-19)
[    1.828112] ima: Allocated hash algorithm: sha1
[    1.833992] evm: HMAC attrs: 0x1
[    1.838487]   Magic number: 11:708:492
[    1.842767] rtc_cmos rtc_cmos: setting system clock to 2023-10-26 17:29:26 UTC (1698341366)
[    1.852524] BIOS EDD facility v0.16 2004-Jun-25, 0 devices found
[    1.860387] EDD information not available.
[    1.869225] Freeing unused kernel image memory: 2480K
[    1.892914] Write protecting the kernel read-only data: 20480k
[    1.899288] Freeing unused kernel image memory: 2008K
[    1.904549] Freeing unused kernel image memory: 1820K
[    1.927378] x86/mm: Checked W+X mappings: passed, no W+X pages found.
[    1.934726] x86/mm: Checking user space page tables
[    1.947873] x86/mm: Checked W+X mappings: passed, no W+X pages found.
Loading, please wait...
starting version 237
[    2.058045] e1000: Intel(R) PRO/1000 Network Driver - version 7.3.21-k8-NAPI
[    2.064671] e1000: Copyright (c) 1999-2006 Intel Corporation.
[    2.073262] Fusion MPT base driver 3.04.20
[    2.077480] Copyright (c) 1999-2008 LSI Corporation
[    2.117650] AVX2 version of gcm_enc/dec engaged.
[    2.122122] AES CTR mode by8 optimization enabled
[    2.141880] Fusion MPT SPI Host driver 3.04.20
[    2.371221] input: ImExPS/2 Generic Explorer Mouse as /devices/platform/i8042/serio1/input/input4
[    2.712230] e1000 0000:00:03.0 eth0: (PCI:33MHz:32-bit) 02:3b:7b:b7:3b:2d
[    2.717306] e1000 0000:00:03.0 eth0: Intel(R) PRO/1000 Network Connection
[    2.724231] mptbase: ioc0: Initiating bringup
[    2.843561] ioc0: LSI53C1030 A0: Capabilities={Initiator}
[    3.094697] scsi host2: ioc0: LSI53C1030 A0, FwRev=00000000h, Ports=1, MaxQ=256, IRQ=20
[    3.269458] scsi 2:0:0:0: Direct-Access     VBOX     HARDDISK         1.0  PQ: 0 ANSI: 5
[    3.319982] scsi target2:0:0: Beginning Domain Validation
[    3.331210] scsi target2:0:0: Domain Validation skipping write tests
[    3.338790] scsi target2:0:0: Ending Domain Validation
[    3.343532] scsi target2:0:0: asynchronous
[    3.349605] scsi 2:0:1:0: Direct-Access     VBOX     HARDDISK         1.0  PQ: 0 ANSI: 5
[    3.644229] scsi target2:0:1: Beginning Domain Validation
[    3.653688] scsi target2:0:1: Domain Validation skipping write tests
[    3.659445] scsi target2:0:1: Ending Domain Validation
[    3.666195] scsi target2:0:1: asynchronous
[    3.682119] sd 2:0:0:0: Attached scsi generic sg0 type 0
[    3.687786] sd 2:0:1:0: Attached scsi generic sg1 type 0
[    3.700702] sd 2:0:0:0: [sda] 83886080 512-byte logical blocks: (42.9 GB/40.0 GiB)
[    3.709834] sd 2:0:1:0: [sdb] 20480 512-byte logical blocks: (10.5 MB/10.0 MiB)
[    3.718183] sd 2:0:0:0: [sda] Write Protect is off
[    3.724217] sd 2:0:1:0: [sdb] Write Protect is off
[    3.733596] sd 2:0:0:0: [sda] Incomplete mode parameter data
[    3.741880] sd 2:0:0:0: [sda] Assuming drive cache: write through
[    3.748297] sd 2:0:1:0: [sdb] Incomplete mode parameter data
[    3.753705] sd 2:0:1:0: [sdb] Assuming drive cache: write through
[    3.770452]  sda: sda1
[    3.779945] sd 2:0:1:0: [sdb] Attached SCSI disk
[    3.785170] sd 2:0:0:0: [sda] Attached SCSI disk
[    3.895228] e1000 0000:00:08.0 eth1: (PCI:33MHz:32-bit) 08:00:27:e9:5b:ae
[    3.900528] e1000 0000:00:08.0 eth1: Intel(R) PRO/1000 Network Connection
[    3.909104] e1000 0000:00:03.0 enp0s3: renamed from eth0
[    3.933385] e1000 0000:00:08.0 enp0s8: renamed from eth1
Begin: Loading essential drivers ... [    6.412325] raid6: sse2x1   gen()  8699 MB/s
[    6.460085] raid6: sse2x1   xor()  5956 MB/s
[    6.508839] raid6: sse2x2   gen() 10546 MB/s
[    6.560282] raid6: sse2x2   xor()  6453 MB/s
[    6.613196] raid6: sse2x4   gen() 11742 MB/s
[    6.664701] raid6: sse2x4   xor()  7252 MB/s
[    6.716222] raid6: avx2x1   gen() 16039 MB/s
[    6.764041] raid6: avx2x1   xor() 10845 MB/s
[    6.816062] raid6: avx2x2   gen() 18699 MB/s
[    6.868779] raid6: avx2x2   xor() 11166 MB/s
[    6.920302] raid6: avx2x4   gen() 21117 MB/s
[    6.972089] raid6: avx2x4   xor()  9352 MB/s
[    6.978308] raid6: using algorithm avx2x4 gen() 21117 MB/s
[    6.984634] raid6: .... xor() 9352 MB/s, rmw enabled
[    6.990410] raid6: using avx2x2 recovery algorithm
[    7.000827] xor: automatically using best checksumming function   avx       
[    7.013113] async_tx: api initialized (async)
done.
Begin: Running /scripts/init-premount ... done.
Begin: Mounting root file system ... Begin: Running /scripts/local-top ... done.
Begin: Running /scripts/local-premount ... [    7.111194] Btrfs loaded, crc32c=crc32c-intel
Scanning for Btrfs filesystems
done.
Warning: fsck not present, so skipping root file system
[    7.196925] EXT4-fs (sda1): mounted filesystem with ordered data mode. Opts: (null)
done.
Begin: Running /scripts/local-bottom ... done.
Begin: Running /scripts/init-bottom ... done.
[    7.640485] ip_tables: (C) 2000-2006 Netfilter Core Team
[    7.669195] systemd[1]: systemd 237 running in system mode. (+PAM +AUDIT +SELINUX +IMA +APPARMOR +SMACK +SYSVINIT +UTMP +LIBCRYPTSETUP +GCRYPT +GNUTLS +ACL +XZ +LZ4 +SECCOMP +BLKID +ELFUTILS +KMOD -IDN2 +IDN -PCRE2 default-hierarchy=hybrid)
[    7.685331] systemd[1]: Detected virtualization oracle.
[    7.689344] systemd[1]: Detected architecture x86-64.

Welcome to [1mUbuntu 18.04.6 LTS[0m!

[    7.714581] systemd[1]: Set hostname to <ubuntu-bionic>.
[    8.511044] systemd[1]: Created slice System Slice.
[[0;32m  OK  [0m] Created slice System Slice.
[    8.517002] systemd[1]: Listening on LVM2 metadata daemon socket.
[[0;32m  OK  [0m] Listening on LVM2 metadata daemon socket.
[    8.524133] systemd[1]: Reached target System Time Synchronized.
[[0;32m  OK  [0m] Reached target System Time Synchronized.
[    8.531185] systemd[1]: Reached target Swap.
[[0;32m  OK  [0m] Reached target Swap.
[    8.545205] systemd[1]: Listening on udev Control Socket.
[[0;32m  OK  [0m] Listening on udev Control Socket.
[    8.553575] systemd[1]: Listening on Network Service Netlink Socket.
[[0;32m  OK  [0m] Listening on Network Service Netlink Socket.
[[0;32m  OK  [0m] Listening on udev Kernel Socket.
[[0;32m  OK  [0m] Reached target User and Group Name Lookups.
[[0;32m  OK  [0m] Created slice User and Session Slice.
[[0;32m  OK  [0m] Reached target Slices.
[[0;32m  OK  [0m] Listening on /dev/initctl Compatibility Named Pipe.
[[0;32m  OK  [0m] Listening on Device-mapper event daemon FIFOs.
[[0;32m  OK  [0m] Reached target Mounting snaps.
[[0;32m  OK  [0m] Reached target Mounted snaps.
[[0;32m  OK  [0m] Listening on Journal Socket.
         Mounting Kernel Debug File System...
         Starting Uncomplicated firewall...
         Starting Create list of required stâ€¦ce nodes for the current kernel...
         Starting Set the console keyboard layout...
         Mounting POSIX Message Queue File System...
         Starting Monitoring of LVM2 mirrorsâ€¦ng dmeventd or progress polling...
[[0;32m  OK  [0m] Listening on Syslog Socket.
         Starting udev Coldplug all Devices...
[[0;32m  OK  [0m] Listening on fsck to fsckd communication Socket.
         Starting File System Check on Root Device...
         Mounting Huge Pages File System...
[[0;32m  OK  [0m] Set up automount Arbitrary Executabâ€¦rmats File System Automount Point.
[[0;32m  OK  [0m] Listening on LVM2 poll daemon socket.
         Starting Load Kernel Modules...
[[0;32m  OK  [0m] Created slice system-serial\x2dgetty.slice.
[[0;32m  OK  [0m] Started Forward Password Requests to Wall Directory Watch.
[[0;32m  OK  [0m] Listening on Journal Socket (/dev/log).
[[0;32m  OK  [0m] Listening on Journal Audit Socket.
         Starting Journal Service...
[[0;32m  OK  [0m] Mounted Kernel Debug File System.
[[0;32m  OK  [0m] Started Uncomplicated firewall.
[[0;32m  OK  [0m] Started Create list of required staâ€¦vice nodes for the current kernel.
[[0;32m  OK  [0m] Mounted POSIX Message Queue File System.
[[0;32m  OK  [0m] Mounted Huge Pages File System.
[[0;32m  OK  [0m] Started File System Check Daemon to report status.
         Starting Create Static Device Nodes in /dev...
[    8.771631] Loading iSCSI transport class v2.0-870.
[    8.787151] iscsi: registered transport (tcp)
[[0;32m  OK  [0m] Started udev Coldplug all Devices.
[    8.826905] iscsi: registered transport (iser)
[[0;32m  OK  [0m] Started Load Kernel Modules.
         Mounting Kernel Configuration File System...
         Starting Apply Kernel Variables...
         Mounting FUSE Control File System...
[[0;32m  OK  [0m] Mounted Kernel Configuration File System.
[[0;32m  OK  [0m] Mounted FUSE Control File System.
[[0;32m  OK  [0m] Started File System Check on Root Device.
         Starting Remount Root and Kernel File Systems...
[[0;32m  OK  [0m] Started LVM2 metadata daemon.
[[0;32m  OK  [0m] Started Journal Service.
[[0;32m  OK  [0m] Started Remount Root and Kernel File Systems.
         Starting Flush Journal to Persistent Storage...
         Starting Load/Save Random Seed...
[[0;32m  OK  [0m] Started Monitoring of LVM2 mirrors,â€¦sing dmeventd or progress polling.
[[0;32m  OK  [0m] Started Create Static Device Nodes in /dev.
[[0;32m  OK  [0m] Started Apply Kernel Variables.
         Starting udev Kernel Device Manager...
[[0;32m  OK  [0m] Started Load/Save Random Seed.
[[0;32m  OK  [0m] Started Set the console keyboard layout.
[[0;32m  OK  [0m] Reached target Local File Systems (Pre).
[[0;32m  OK  [0m] Reached target Local File Systems.
         Starting AppArmor initialization...
         Starting Tell Plymouth To Write Out Runtime Data...
         Starting ebtables ruleset management...
         Starting Set console font and keymap...
[[0;32m  OK  [0m] Started udev Kernel Device Manager.
[[0;32m  OK  [0m] Started Dispatch Password Requests to Console Directory Watch.
[[0;32m  OK  [0m] Reached target Local Encrypted Volumes.
[[0;32m  OK  [0m] Started Tell Plymouth To Write Out Runtime Data.
[[0;32m  OK  [0m] Started Set console font and keymap.
[[0;32m  OK  [0m] Started Flush Journal to Persistent Storage.
         Starting Create Volatile Files and Directories...
[[0;32m  OK  [0m] Started ebtables ruleset management.
[[0;32m  OK  [0m] Found device /dev/ttyS0.
[[0;32m  OK  [0m] Listening on Load/Save RF Kill Switch Status /dev/rfkill Watch.
[[0;32m  OK  [0m] Started Create Volatile Files and Directories.
         Starting Update UTMP about System Boot/Shutdown...
[[0;32m  OK  [0m] Started Update UTMP about System Boot/Shutdown.
[[0;32m  OK  [0m] Started AppArmor initialization.
         Starting Load AppArmor profiles managed internally by snapd...
         Starting Initial cloud-init job (pre-networking)...
         Mounting Arbitrary Executable File Formats File System...
[[0;32m  OK  [0m] Mounted Arbitrary Executable File Formats File System.
[[0;32m  OK  [0m] Started Load AppArmor profiles managed internally by snapd.
[   13.665015] cloud-init[576]: Cloud-init v. 23.1.2-0ubuntu0~18.04.1 running 'init-local' at Thu, 26 Oct 2023 17:29:38 +0000. Up 13.35 seconds.
[[0;32m  OK  [0m] Started Initial cloud-init job (pre-networking).
[[0;32m  OK  [0m] Reached target Network (Pre).
         Starting Network Service...
[[0;32m  OK  [0m] Started Network Service.
         Starting Network Name Resolution...
         Starting Wait for Network to be Configured...
[[0;32m  OK  [0m] Started Network Name Resolution.
[[0;32m  OK  [0m] Reached target Network.
[[0;32m  OK  [0m] Reached target Host and Network Name Lookups.
[[0;32m  OK  [0m] Started Wait for Network to be Configured.
         Starting Initial cloud-init job (metadata service crawler)...
[   16.440485] cloud-init[702]: Cloud-init v. 23.1.2-0ubuntu0~18.04.1 running 'init' at Thu, 26 Oct 2023 17:29:40 +0000. Up 16.15 seconds.
[   16.445918] cloud-init[702]: ci-info: ++++++++++++++++++++++++++++++++++++++Net device info+++++++++++++++++++++++++++++++++++++++
[   16.450858] cloud-init[702]: ci-info: +--------+------+-----------------------------+---------------+--------+-------------------+
[   16.456934] cloud-init[702]: ci-info: | Device |  Up  |           Address           |      Mask     | Scope  |     Hw-Address    |
[   16.461910] cloud-init[702]: ci-info: +--------+------+-----------------------------+---------------+--------+-------------------+
[   16.467238] cloud-init[702]: ci-info: | enp0s3 | True |          10.0.2.15          | 255.255.255.0 | global | 02:3b:7b:b7:3b:2d |
[   16.472023] cloud-init[702]: ci-info: | enp0s3 | True |  fe80::3b:7bff:feb7:3b2d/64 |       .       |  link  | 02:3b:7b:b7:3b:2d |
[   16.476981] cloud-init[702]: ci-info: | enp0s8 | True |         192.168.56.6        | 255.255.255.0 | global | 08:00:27:e9:5b:ae |
[   16.481697] cloud-init[702]: ci-info: | enp0s8 | True | fe80::a00:27ff:fee9:5bae/64 |       .       |  link  | 08:00:27:e9:5b:ae |
[   16.486671] cloud-init[702]: ci-info: |   lo   | True |          127.0.0.1          |   255.0.0.0   |  host  |         .         |
[   16.491588] cloud-init[702]: ci-info: |   lo   | True |           ::1/128           |       .       |  host  |         .         |
[   16.496645] cloud-init[702]: ci-info: +--------+------+-----------------------------+---------------+--------+-------------------+
[   16.501557] cloud-init[702]: ci-info: +++++++++++++++++++++++++++++Route IPv4 info+++++++++++++++++++++++++++++
[   16.506174] cloud-init[702]: ci-info: +-------+--------------+----------+-----------------+-----------+-------+
[   16.510640] cloud-init[702]: ci-info: | Route | Destination  | Gateway  |     Genmask     | Interface | Flags |
[   16.514938] cloud-init[702]: ci-info: +-------+--------------+----------+-----------------+-----------+-------+
[   16.519580] cloud-init[702]: ci-info: |   0   |   0.0.0.0    | 10.0.2.2 |     0.0.0.0     |   enp0s3  |   UG  |
[   16.523902] cloud-init[702]: ci-info: |   1   |   10.0.2.0   | 0.0.0.0  |  255.255.255.0  |   enp0s3  |   U   |
[   16.528139] cloud-init[702]: ci-info: |   2   |   10.0.2.2   | 0.0.0.0  | 255.255.255.255 |   enp0s3  |   UH  |
[   16.532770] cloud-init[702]: ci-info: |   3   | 192.168.56.0 | 0.0.0.0  |  255.255.255.0  |   enp0s8  |   U   |
[   16.537913] cloud-init[702]: ci-info: +-------+--------------+----------+-----------------+-----------+-------+
[   16.542505] cloud-init[702]: ci-info: +++++++++++++++++++Route IPv6 info+++++++++++++++++++
[   16.548325] cloud-init[702]: ci-info: +-------+-------------+---------+-----------+-------+
[   16.552013] cloud-init[702]: ci-info: | Route | Destination | Gateway | Interface | Flags |
[   16.556580] cloud-init[702]: ci-info: +-------+-------------+---------+-----------+-------+
[   16.560207] cloud-init[702]: ci-info: |   1   |  fe80::/64  |    ::   |   enp0s8  |   U   |
[   16.563628] cloud-init[702]: ci-info: |   2   |  fe80::/64  |    ::   |   enp0s3  |   U   |
[   16.567157] cloud-init[702]: ci-info: |   4   |    local    |    ::   |   enp0s3  |   U   |
[   16.571096] cloud-init[702]: ci-info: |   5   |    local    |    ::   |   enp0s8  |   U   |
[   16.574835] cloud-init[702]: ci-info: |   6   |   ff00::/8  |    ::   |   enp0s8  |   U   |
[   16.578450] cloud-init[702]: ci-info: |   7   |   ff00::/8  |    ::   |   enp0s3  |   U   |
[   16.582074] cloud-init[702]: ci-info: +-------+-------------+---------+-----------+-------+
[[0;32m  OK  [0m] Started Initial cloud-init job (metadata service crawler).
[[0;32m  OK  [0m] Reached target Network is Online.
         Starting Availability of block devices...
[[0;32m  OK  [0m] Reached target Remote File Systems (Pre).
         Mounting /vagrant...
[[0;32m  OK  [0m] Reached target Cloud-config availability.
[[0;32m  OK  [0m] Reached target System Initialization.
[[0;32m  OK  [0m] Listening on ACPID Listen Socket.
[[0;32m  OK  [0m] Listening on Open-iSCSI iscsid Socket.
[[0;32m  OK  [0m] Listening on cloud-init hotplug hook socket.
         Starting Socket activation for snappy daemon.
[[0;32m  OK  [0m] Listening on D-Bus System Message Bus Socket.
[[0;32m  OK  [0m] Started Daily Cleanup of Temporary Directories.
         Starting LXD - unix socket.
[[0;32m  OK  [0m] Started Message of the Day.
[[0;32m  OK  [0m] Started ACPI Events Check.
[[0;32m  OK  [0m] Reached target Paths.
[[0;32m  OK  [0m] Started Discard unused blocks once a week.
[[0;32m  OK  [0m] Started Ubuntu Advantage Timer for running repeated jobs.
[[0;32m  OK  [0m] Listening on UUID daemon activation socket.
[[0;32m  OK  [0m] Started Daily apt download activities.
[[0;32m  OK  [0m] Started Daily apt upgrade and clean activities.
[[0;32m  OK  [0m] Reached target Timers.
[[0;32m  OK  [0m] Started Availability of block devices.
[[0;32m  OK  [0m] Listening on Socket activation for snappy daemon.
[[0;32m  OK  [0m] Listening on LXD - unix socket.
[[0;32m  OK  [0m] Reached target Sockets.
[[0;32m  OK  [0m] Reached target Basic System.
         Starting Login Service...
[[0;32m  OK  [0m] Started irqbalance daemon.
[[0;32m  OK  [0m] Started D-Bus System Message Bus.
[[0;32m  OK  [0m] Started Login Service.
[[0;32m  OK  [0m] Started Unattended Upgrades Shutdown.
[[0;32m  OK  [0m] Reached target Login Prompts (Pre).
         Starting System Logging Service...
[[0;32m  OK  [0m] Started Regular background program processing daemon.
         Starting OpenBSD Secure Shell server...
         Starting Snap Daemon...
         Starting Accounts Service...
[[0;32m  OK  [0m] Started FUSE filesystem for LXC.
         Starting Virtualbox guest utils...
         Starting LXD - container startup/shutdown...
         Starting Dispatcher daemon for systemd-networkd...
         Starting LSB: Record successful boot for GRUB...
[[0;32m  OK  [0m] Started Deferred execution scheduler.
[[0;32m  OK  [0m] Started System Logging Service.
[[0;32m  OK  [0m] Mounted /vagrant.
[[0;32m  OK  [0m] Reached target Remote File Systems.
         Starting LSB: automatic crash report generation...
         Starting Permit User Sessions...
[[0;32m  OK  [0m] Started Permit User Sessions.
         Starting Hold until boot process finishes up...
         Starting Terminate Plymouth Boot Screen...
[[0;32m  OK  [0m] Started Hold until boot process finishes up.
[[0;32m  OK  [0m] Started Terminate Plymouth Boot Screen.
[[0;32m  OK  [0m] Started Serial Getty on ttyS0.
         Starting Set console scheme...
[[0;32m  OK  [0m] Started Set console scheme.
[[0;32m  OK  [0m] Created slice system-getty.slice.
[[0;32m  OK  [0m] Started Getty on tty1.
[[0;32m  OK  [0m] Reached target Login Prompts.
         Starting Authorization Manager...
[[0;32m  OK  [0m] Started LSB: Record successful boot for GRUB.
[[0;32m  OK  [0m] Started LSB: automatic crash report generation.
[[0;32m  OK  [0m] Started OpenBSD Secure Shell server.
[[0;32m  OK  [0m] Started Virtualbox guest utils.
[[0;32m  OK  [0m] Started Authorization Manager.
[[0;32m  OK  [0m] Started Accounts Service.
[[0;32m  OK  [0m] Started LXD - container startup/shutdown.
[[0;32m  OK  [0m] Created slice User Slice of vagrant.
         Starting User Manager for UID 1000...
[[0;32m  OK  [0m] Started Session 1 of user vagrant.
[[0;32m  OK  [0m] Started Dispatcher daemon for systemd-networkd.
[[0;32m  OK  [0m] Started User Manager for UID 1000.
[[0;32m  OK  [0m] Started Snap Daemon.
         Starting Wait until snapd is fully seeded...
         Starting Time & Date Service...
[[0;32m  OK  [0m] Started Time & Date Service.
[[0;32m  OK  [0m] Started Wait until snapd is fully seeded.
         Starting Apply the settings specified in cloud-config...
[   20.703153] cloud-init[1174]: Cloud-init v. 23.1.2-0ubuntu0~18.04.1 running 'modules:config' at Thu, 26 Oct 2023 17:29:45 +0000. Up 20.52 seconds.
[[0;32m  OK  [0m] Started Apply the settings specified in cloud-config.
[[0;32m  OK  [0m] Reached target Multi-User System.
         Starting Execute cloud user/final scripts...
[[0;32m  OK  [0m] Reached target Graphical Interface.
         Starting Update UTMP about System Runlevel Changes...
[[0;32m  OK  [0m] Started Update UTMP about System Runlevel Changes.
[   21.784061] cloud-init[1232]: Cloud-init v. 23.1.2-0ubuntu0~18.04.1 running 'modules:final' at Thu, 26 Oct 2023 17:29:46 +0000. Up 21.55 seconds.
[   21.790136] cloud-init[1232]: Cloud-init v. 23.1.2-0ubuntu0~18.04.1 finished at Thu, 26 Oct 2023 17:29:46 +0000. Datasource DataSourceNoCloud [seed=/dev/sdb][dsmode=net].  Up 21.77 seconds
[[0;32m  OK  [0m] Started Execute cloud user/final scripts.
[[0;32m  OK  [0m] Reached target Cloud-init target.

Ubuntu 18.04.6 LTS ubuntu-bionic ttyS0

ubuntu-bionic login: 